// Jest Snapshot v1, https://goo.gl/fbAQLP

exports[`renders an image 1`] = `
<div
  className="sc-AxjAm iELqXV"
  style={
    Object {
      "height": "auto",
      "width": "auto",
    }
  }
>
  <svg
    viewBox="0 0 300 24"
  >
    <text
      lengthAdjust="spacing"
      textLength="290"
      x="5"
      y="15"
    />
  </svg>
</div>
`;
